[2025-08-11T12:29:19.741745+00:00] main.INFO: {"feed":"undefined","operation":"undefined","status":"Setting mode Update On Schedule for indexer Sales Order Feed","elapsed":"842 ms","pid":"52","caller":"bin\/magento setup:install --db-host=db --db-name=magento --db-user=magento --db-password=magento"} [] []
[2025-08-11T12:29:19.930990+00:00] main.INFO: {"feed":"undefined","operation":"undefined","status":"Setting mode Update On Schedule for indexer Sales Order Statuses Feed","elapsed":"00:00:00 32 ms","pid":"52","caller":"bin\/magento setup:install --db-host=db --db-name=magento --db-user=magento --db-password=magento"} [] []
[2025-08-11T12:29:20.039828+00:00] main.INFO: {"feed":"undefined","operation":"undefined","status":"Setting mode Update On Schedule for indexer Stores Feed","elapsed":"00:00:00 141 ms","pid":"52","caller":"bin\/magento setup:install --db-host=db --db-name=magento --db-user=magento --db-password=magento"} [] []
[2025-08-18T15:19:30.151152+00:00] main.INFO: {"feed":"salesOrders","operation":"full reindex(legacy)","status":"Initialize","elapsed":"628 ms","pid":"967","caller":"bin\/magento indexer:reindex"} [] []
[2025-08-18T15:19:30.193593+00:00] main.INFO: {"feed":"salesOrders","operation":"full reindex(legacy)","status":"Creating batch table `sales_data_exporter_orders_index_batches`. Start position: 0","elapsed":"670 ms","pid":"967","caller":"bin\/magento indexer:reindex"} [] []
[2025-08-18T15:19:30.221088+00:00] main.INFO: {"feed":"salesOrders","operation":"full reindex(legacy)","status":"Batch table `sales_data_exporter_orders_index_batches` created. Total Items: 0, batches: ~0","elapsed":"698 ms","pid":"967","caller":"bin\/magento indexer:reindex"} [] []
[2025-08-18T15:19:30.221326+00:00] main.INFO: {"feed":"salesOrders","operation":"full reindex(legacy)","status":"nothing to process - no items to sync. Not expected? Are there any items in source table `sales_order`?","elapsed":"698 ms","pid":"967","caller":"bin\/magento indexer:reindex"} [] []
[2025-08-18T15:19:30.223002+00:00] main.INFO: {"feed":"salesOrders","operation":"full reindex(legacy)","status":"Complete","elapsed":"700 ms","pid":"967","caller":"bin\/magento indexer:reindex"} [] []
[2025-08-18T15:19:30.237642+00:00] main.INFO: {"feed":"salesOrderStatuses","operation":"full reindex(legacy)","status":"Initialize","elapsed":"801 ms","pid":"967","caller":"bin\/magento indexer:reindex"} [] []
[2025-08-18T15:19:30.273465+00:00] main.INFO: {"feed":"salesOrderStatuses","operation":"full reindex(legacy)","status":"Creating batch table `sales_data_exporter_order_statuses_index_batches`. Start position: ","elapsed":"837 ms","pid":"967","caller":"bin\/magento indexer:reindex"} [] []
[2025-08-18T15:19:30.300682+00:00] main.INFO: {"feed":"salesOrderStatuses","operation":"full reindex(legacy)","status":"Batch table `sales_data_exporter_order_statuses_index_batches` created. Total Items: 12, batches: ~0","elapsed":"864 ms","pid":"967","caller":"bin\/magento indexer:reindex"} [] []
[2025-08-18T15:19:30.300934+00:00] main.INFO: {"feed":"salesOrderStatuses","operation":"full reindex(legacy)","status":"start processing `12` items in `1` threads with `100` batch size","elapsed":"864 ms","pid":"967","caller":"bin\/magento indexer:reindex"} [] []
[2025-08-18T15:19:30.326161+00:00] main.INFO: {"feed":"salesOrderStatuses","operation":"full reindex(legacy)","status":"Progress 1\/1, processed 12, synced 12","elapsed":"890 ms","pid":"967","caller":"bin\/magento indexer:reindex"} [] []
[2025-08-18T15:19:30.328217+00:00] main.INFO: {"feed":"salesOrderStatuses","operation":"full reindex(legacy)","status":"Complete","elapsed":"892 ms","pid":"967","caller":"bin\/magento indexer:reindex"} [] []
[2025-08-18T15:19:30.341560+00:00] main.INFO: {"feed":"stores","operation":"full reindex(legacy)","status":"Initialize","elapsed":"00:00:00 9 ms","pid":"967","caller":"bin\/magento indexer:reindex"} [] []
[2025-08-18T15:19:30.378135+00:00] main.INFO: {"feed":"stores","operation":"full reindex(legacy)","status":"Creating batch table `stores_data_exporter_index_batches`. Start position: 0","elapsed":"00:00:00 46 ms","pid":"967","caller":"bin\/magento indexer:reindex"} [] []
[2025-08-18T15:19:30.404320+00:00] main.INFO: {"feed":"stores","operation":"full reindex(legacy)","status":"Batch table `stores_data_exporter_index_batches` created. Total Items: 1, batches: ~0","elapsed":"00:00:00 72 ms","pid":"967","caller":"bin\/magento indexer:reindex"} [] []
[2025-08-18T15:19:30.404577+00:00] main.INFO: {"feed":"stores","operation":"full reindex(legacy)","status":"start processing `1` items in `1` threads with `100` batch size","elapsed":"00:00:00 72 ms","pid":"967","caller":"bin\/magento indexer:reindex"} [] []
[2025-08-18T15:19:30.412300+00:00] main.INFO: {"feed":"stores","operation":"full reindex(legacy)","status":"Progress 1\/1, processed 1, synced 1","elapsed":"00:00:00 80 ms","pid":"967","caller":"bin\/magento indexer:reindex"} [] []
[2025-08-18T15:19:30.414903+00:00] main.INFO: {"feed":"stores","operation":"full reindex(legacy)","status":"Complete","elapsed":"00:00:00 82 ms","pid":"967","caller":"bin\/magento indexer:reindex"} [] []
[2025-08-18T15:22:02.370876+00:00] main.INFO: {"feed":"salesOrders","operation":"full reindex(legacy)","status":"Initialize","elapsed":"00:00:00 68 ms","pid":"982","caller":"bin\/magento indexer:reindex"} [] []
[2025-08-18T15:22:02.407854+00:00] main.INFO: {"feed":"salesOrders","operation":"full reindex(legacy)","status":"Creating batch table `sales_data_exporter_orders_index_batches`. Start position: 0","elapsed":"00:00:00 105 ms","pid":"982","caller":"bin\/magento indexer:reindex"} [] []
[2025-08-18T15:22:02.440894+00:00] main.INFO: {"feed":"salesOrders","operation":"full reindex(legacy)","status":"Batch table `sales_data_exporter_orders_index_batches` created. Total Items: 0, batches: ~0","elapsed":"00:00:00 138 ms","pid":"982","caller":"bin\/magento indexer:reindex"} [] []
[2025-08-18T15:22:02.441370+00:00] main.INFO: {"feed":"salesOrders","operation":"full reindex(legacy)","status":"nothing to process - no items to sync. Not expected? Are there any items in source table `sales_order`?","elapsed":"00:00:00 138 ms","pid":"982","caller":"bin\/magento indexer:reindex"} [] []
[2025-08-18T15:22:02.444559+00:00] main.INFO: {"feed":"salesOrders","operation":"full reindex(legacy)","status":"Complete","elapsed":"00:00:00 141 ms","pid":"982","caller":"bin\/magento indexer:reindex"} [] []
[2025-08-18T15:22:02.466843+00:00] main.INFO: {"feed":"salesOrderStatuses","operation":"full reindex(legacy)","status":"Initialize","elapsed":"00:00:00 259 ms","pid":"982","caller":"bin\/magento indexer:reindex"} [] []
[2025-08-18T15:22:02.514575+00:00] main.INFO: {"feed":"salesOrderStatuses","operation":"full reindex(legacy)","status":"Creating batch table `sales_data_exporter_order_statuses_index_batches`. Start position: ","elapsed":"00:00:00 307 ms","pid":"982","caller":"bin\/magento indexer:reindex"} [] []
[2025-08-18T15:22:02.550692+00:00] main.INFO: {"feed":"salesOrderStatuses","operation":"full reindex(legacy)","status":"Batch table `sales_data_exporter_order_statuses_index_batches` created. Total Items: 12, batches: ~0","elapsed":"00:00:00 343 ms","pid":"982","caller":"bin\/magento indexer:reindex"} [] []
[2025-08-18T15:22:02.551254+00:00] main.INFO: {"feed":"salesOrderStatuses","operation":"full reindex(legacy)","status":"start processing `12` items in `1` threads with `100` batch size","elapsed":"00:00:00 344 ms","pid":"982","caller":"bin\/magento indexer:reindex"} [] []
[2025-08-18T15:22:02.565687+00:00] main.INFO: {"feed":"salesOrderStatuses","operation":"full reindex(legacy)","status":"Progress 1\/1, processed 12, synced 12","elapsed":"00:00:00 358 ms","pid":"982","caller":"bin\/magento indexer:reindex"} [] []
[2025-08-18T15:22:02.568880+00:00] main.INFO: {"feed":"salesOrderStatuses","operation":"full reindex(legacy)","status":"Complete","elapsed":"00:00:00 362 ms","pid":"982","caller":"bin\/magento indexer:reindex"} [] []
[2025-08-18T15:22:02.589639+00:00] main.INFO: {"feed":"stores","operation":"full reindex(legacy)","status":"Initialize","elapsed":"00:00:00 505 ms","pid":"982","caller":"bin\/magento indexer:reindex"} [] []
[2025-08-18T15:22:02.636343+00:00] main.INFO: {"feed":"stores","operation":"full reindex(legacy)","status":"Creating batch table `stores_data_exporter_index_batches`. Start position: 0","elapsed":"00:00:00 552 ms","pid":"982","caller":"bin\/magento indexer:reindex"} [] []
[2025-08-18T15:22:02.671663+00:00] main.INFO: {"feed":"stores","operation":"full reindex(legacy)","status":"Batch table `stores_data_exporter_index_batches` created. Total Items: 1, batches: ~0","elapsed":"00:00:00 587 ms","pid":"982","caller":"bin\/magento indexer:reindex"} [] []
[2025-08-18T15:22:02.672161+00:00] main.INFO: {"feed":"stores","operation":"full reindex(legacy)","status":"start processing `1` items in `1` threads with `100` batch size","elapsed":"00:00:00 588 ms","pid":"982","caller":"bin\/magento indexer:reindex"} [] []
[2025-08-18T15:22:02.679975+00:00] main.INFO: {"feed":"stores","operation":"full reindex(legacy)","status":"Progress 1\/1, processed 1, synced 1","elapsed":"00:00:00 595 ms","pid":"982","caller":"bin\/magento indexer:reindex"} [] []
[2025-08-18T15:22:02.683287+00:00] main.INFO: {"feed":"stores","operation":"full reindex(legacy)","status":"Complete","elapsed":"00:00:00 599 ms","pid":"982","caller":"bin\/magento indexer:reindex"} [] []
